******************************************************************************
                  TI ARM Linker PC v5.2.2                      
******************************************************************************
>> Linked Fri Sep 11 17:02:50 2015

OUTPUT FILE NAME:   <04 - UART0 + Blink.out>
ENTRY POINT SYMBOL: "_c_int00"  address: 00000995


MEMORY CONFIGURATION

         name            origin    length      used     unused   attr    fill
----------------------  --------  ---------  --------  --------  ----  --------
  FLASH                 00000000   00040000  00000e3c  0003f1c4  R  X
  SRAM                  20000000   00008000  00000214  00007dec  RW X


SEGMENT ALLOCATION MAP

run origin  load origin   length   init length attrs members
----------  ----------- ---------- ----------- ----- -------
00000000    00000000    00000e40   00000e40    r-x
  00000000    00000000    0000026c   0000026c    r-- .intvecs
  0000026c    0000026c    00000a44   00000a44    r-x .text
  00000cb0    00000cb0    0000016c   0000016c    r-- .const
  00000e20    00000e20    00000020   00000020    r-- .cinit
20000000    20000000    00000214   00000000    rw-
  20000000    20000000    00000200   00000000    rw- .stack
  20000200    20000200    00000014   00000000    rw- .data


SECTION ALLOCATION MAP

 output                                  attributes/
section   page    origin      length       input sections
--------  ----  ----------  ----------   ----------------
.intvecs   0    00000000    0000026c     
                  00000000    0000026c     tm4c123gh6pm_startup_ccs.obj (.intvecs)

.text      0    0000026c    00000a44     
                  0000026c    000001a4     UART - V01.obj (.text)
                  00000410    00000130     driverlib.lib : gpio.obj (.text:GPIOPadConfigSet)
                  00000540    0000010c                   : sysctl.obj (.text:SysCtlClockGet)
                  0000064c    000000f0                   : sysctl.obj (.text:SysCtlClockSet)
                  0000073c    0000009c     rtsv7M4_T_le_v4SPD16_eabi.lib : memcpy_t2.obj (.text)
                  000007d8    0000007a                                   : memset_t2.obj (.text)
                  00000852    00000002     --HOLE-- [fill = 0]
                  00000854    0000006c                                   : autoinit.obj (.text)
                  000008c0    0000006a                                   : copy_decompress_rle.obj (.text)
                  0000092a    00000002     --HOLE-- [fill = 0]
                  0000092c    00000068     driverlib.lib : interrupt.obj (.text:IntEnable)
                  00000994    00000050     rtsv7M4_T_le_v4SPD16_eabi.lib : boot.obj (.text)
                  000009e4    0000004c                                   : cpy_tbl.obj (.text)
                  00000a30    00000048     driverlib.lib : gpio.obj (.text:GPIOPinConfigure)
                  00000a78    00000044     rtsv7M4_T_le_v4SPD16_eabi.lib : exit.obj (.text)
                  00000abc    00000042     driverlib.lib : uart.obj (.text:UARTConfigSetExpClk)
                  00000afe    00000002     --HOLE-- [fill = 0]
                  00000b00    00000034                   : sysctl.obj (.text:SysCtlPeripheralEnable)
                  00000b34    0000002a                   : gpio.obj (.text:GPIODirModeSet)
                  00000b5e    00000002     --HOLE-- [fill = 0]
                  00000b60    0000001c                   : uart.obj (.text:UARTDisable)
                  00000b7c    00000018                   : gpio.obj (.text:GPIOPinTypeGPIOOutput)
                  00000b94    00000018     rtsv7M4_T_le_v4SPD16_eabi.lib : args_main.obj (.text)
                  00000bac    00000014     driverlib.lib : uart.obj (.text:UARTEnable)
                  00000bc0    00000014     rtsv7M4_T_le_v4SPD16_eabi.lib : _lock.obj (.text)
                  00000bd4    00000012     driverlib.lib : gpio.obj (.text:GPIOPinTypeUART)
                  00000be6    00000002     --HOLE-- [fill = 0]
                  00000be8    00000010                   : fpu.obj (.text:FPUEnable)
                  00000bf8    00000010                   : fpu.obj (.text:FPULazyStackingEnable)
                  00000c08    00000010                   : interrupt.obj (.text:IntMasterEnable)
                  00000c18    0000000e                   : gpio.obj (.text:GPIOIntStatus)
                  00000c26    0000000e                   : uart.obj (.text:UARTCharGetNonBlocking)
                  00000c34    0000000e                   : uart.obj (.text:UARTCharPutNonBlocking)
                  00000c42    0000000e     rtsv7M4_T_le_v4SPD16_eabi.lib : copy_decompress_none.obj (.text:decompress:none)
                  00000c50    0000000c     driverlib.lib : cpu.obj (.text:CPUcpsie)
                  00000c5c    0000000c                   : uart.obj (.text:UARTCharsAvail)
                  00000c68    0000000c     tm4c123gh6pm_startup_ccs.obj (.text)
                  00000c74    0000000a     driverlib.lib : uart.obj (.text:UARTFIFOEnable)
                  00000c7e    0000000a                   : uart.obj (.text:UARTIntStatus)
                  00000c88    00000008                   : uart.obj (.text:UARTIntEnable)
                  00000c90    00000006                   : gpio.obj (.text:GPIOIntClear)
                  00000c96    00000006                   : gpio.obj (.text:GPIOPinWrite)
                  00000c9c    00000006                   : sysctl.obj (.text:SysCtlDelay)
                  00000ca2    00000006     rtsv7M4_T_le_v4SPD16_eabi.lib : copy_decompress_rle.obj (.text:decompress:rle24)
                  00000ca8    00000004     driverlib.lib : uart.obj (.text:UARTIntClear)
                  00000cac    00000004     rtsv7M4_T_le_v4SPD16_eabi.lib : pre_init.obj (.text)

.const     0    00000cb0    0000016c     
                  00000cb0    00000090     driverlib.lib : gpio.obj (.const:g_pui32GPIOBaseAddrs)
                  00000d40    00000070                   : interrupt.obj (.const)
                  00000db0    0000006c                   : sysctl.obj (.const:g_pui32Xtals)

.cinit     0    00000e20    00000020     
                  00000e20    0000000f     (.cinit..data.load) [load image, compression = rle]
                  00000e2f    00000001     --HOLE-- [fill = 0]
                  00000e30    00000008     (__TI_handler_table)
                  00000e38    00000008     (__TI_cinit_table)

.init_array 
*          0    00000000    00000000     UNINITIALIZED

.stack     0    20000000    00000200     UNINITIALIZED
                  20000000    00000200     --HOLE--

.data      0    20000200    00000014     UNINITIALIZED
                  20000200    00000008     rtsv7M4_T_le_v4SPD16_eabi.lib : _lock.obj (.data)
                  20000208    00000008                                   : exit.obj (.data)
                  20000210    00000004                                   : stkdepth_vars.obj (.data)

.TI.persistent 
*          0    20000200    00000000     UNINITIALIZED


LINKER GENERATED COPY TABLES

__TI_cinit_table @ 00000e38 records: 1, size/record: 8, table size: 8
	.data: load addr=00000e20, load size=0000000f bytes, run addr=20000200, run size=00000014 bytes, compression=rle


LINKER GENERATED HANDLER TABLE

__TI_handler_table @ 00000e30 records: 2, size/record: 4, table size: 8
	index: 0, handler: __TI_decompress_rle24
	index: 1, handler: __TI_decompress_none


GLOBAL SYMBOLS: SORTED ALPHABETICALLY BY Name 

address   name                    
-------   ----                    
00000a79  C$$EXIT                 
00000c51  CPUcpsie                
0000026d  Clock_Init              
00000be9  FPUEnable               
00000bf9  FPULazyStackingEnable   
00000b35  GPIODirModeSet          
00000c91  GPIOIntClear            
00000c19  GPIOIntStatus           
00000411  GPIOPadConfigSet        
00000a31  GPIOPinConfigure        
00000b7d  GPIOPinTypeGPIOOutput   
00000bd5  GPIOPinTypeUART         
00000c97  GPIOPinWrite            
0000092d  IntEnable               
00000c09  IntMasterEnable         
000003c5  IntSWHandler            
0000027f  LED_Init                
0000036b  ProcessRxChar           
00000c69  ResetISR                
UNDEFED   SHT$$INIT_ARRAY$$Base   
UNDEFED   SHT$$INIT_ARRAY$$Limit  
00000541  SysCtlClockGet          
0000064d  SysCtlClockSet          
00000c9d  SysCtlDelay             
00000b01  SysCtlPeripheralEnable  
0000036d  UART0Handler            
000003b7  UART1Handler            
000003b9  UART2Handler            
000003bb  UART3Handler            
000003bd  UART4Handler            
000003bf  UART5Handler            
000003c1  UART6Handler            
000003c3  UART7Handler            
00000c27  UARTCharGetNonBlocking  
00000c35  UARTCharPutNonBlocking  
00000c5d  UARTCharsAvail          
00000abd  UARTConfigSetExpClk     
00000b61  UARTDisable             
00000bad  UARTEnable              
00000c75  UARTFIFOEnable          
00000ca9  UARTIntClear            
00000c89  UARTIntEnable           
00000c7f  UARTIntStatus           
00000343  UARTSend                
00000339  UART_Enable             
000002eb  UART_Init               
20000200  __STACK_END             
00000200  __STACK_SIZE            
20000200  __STACK_TOP             
00000e38  __TI_CINIT_Base         
00000e40  __TI_CINIT_Limit        
00000e30  __TI_Handler_Table_Base 
00000e38  __TI_Handler_Table_Limit
00000855  __TI_auto_init          
20000208  __TI_cleanup_ptr        
00000c43  __TI_decompress_none    
00000ca3  __TI_decompress_rle24   
2000020c  __TI_dtors_ptr          
00000000  __TI_static_base__      
000007d9  __aeabi_memclr          
000007d9  __aeabi_memclr4         
000007d9  __aeabi_memclr8         
0000073d  __aeabi_memcpy          
0000073d  __aeabi_memcpy4         
0000073d  __aeabi_memcpy8         
000007db  __aeabi_memset          
000007db  __aeabi_memset4         
000007db  __aeabi_memset8         
ffffffff  __binit__               
ffffffff  __c_args__              
20000000  __stack                 
00000b95  _args_main              
00000995  _c_int00                
20000200  _lock                   
00000bcf  _nop                    
00000bc7  _register_lock          
00000bc1  _register_unlock        
00000cad  _system_pre_init        
20000204  _unlock                 
00000a7d  abort                   
ffffffff  binit                   
000009e5  copy_in                 
00000a85  exit                    
00000000  g_pfnVectors            
000002d1  mDelay                  
000003e5  main                    
20000210  main_func_sp            
0000073d  memcpy                  
000007e1  memset                  


GLOBAL SYMBOLS: SORTED BY Symbol Address 

address   name                    
-------   ----                    
00000000  __TI_static_base__      
00000000  g_pfnVectors            
00000200  __STACK_SIZE            
0000026d  Clock_Init              
0000027f  LED_Init                
000002d1  mDelay                  
000002eb  UART_Init               
00000339  UART_Enable             
00000343  UARTSend                
0000036b  ProcessRxChar           
0000036d  UART0Handler            
000003b7  UART1Handler            
000003b9  UART2Handler            
000003bb  UART3Handler            
000003bd  UART4Handler            
000003bf  UART5Handler            
000003c1  UART6Handler            
000003c3  UART7Handler            
000003c5  IntSWHandler            
000003e5  main                    
00000411  GPIOPadConfigSet        
00000541  SysCtlClockGet          
0000064d  SysCtlClockSet          
0000073d  __aeabi_memcpy          
0000073d  __aeabi_memcpy4         
0000073d  __aeabi_memcpy8         
0000073d  memcpy                  
000007d9  __aeabi_memclr          
000007d9  __aeabi_memclr4         
000007d9  __aeabi_memclr8         
000007db  __aeabi_memset          
000007db  __aeabi_memset4         
000007db  __aeabi_memset8         
000007e1  memset                  
00000855  __TI_auto_init          
0000092d  IntEnable               
00000995  _c_int00                
000009e5  copy_in                 
00000a31  GPIOPinConfigure        
00000a79  C$$EXIT                 
00000a7d  abort                   
00000a85  exit                    
00000abd  UARTConfigSetExpClk     
00000b01  SysCtlPeripheralEnable  
00000b35  GPIODirModeSet          
00000b61  UARTDisable             
00000b7d  GPIOPinTypeGPIOOutput   
00000b95  _args_main              
00000bad  UARTEnable              
00000bc1  _register_unlock        
00000bc7  _register_lock          
00000bcf  _nop                    
00000bd5  GPIOPinTypeUART         
00000be9  FPUEnable               
00000bf9  FPULazyStackingEnable   
00000c09  IntMasterEnable         
00000c19  GPIOIntStatus           
00000c27  UARTCharGetNonBlocking  
00000c35  UARTCharPutNonBlocking  
00000c43  __TI_decompress_none    
00000c51  CPUcpsie                
00000c5d  UARTCharsAvail          
00000c69  ResetISR                
00000c75  UARTFIFOEnable          
00000c7f  UARTIntStatus           
00000c89  UARTIntEnable           
00000c91  GPIOIntClear            
00000c97  GPIOPinWrite            
00000c9d  SysCtlDelay             
00000ca3  __TI_decompress_rle24   
00000ca9  UARTIntClear            
00000cad  _system_pre_init        
00000e30  __TI_Handler_Table_Base 
00000e38  __TI_CINIT_Base         
00000e38  __TI_Handler_Table_Limit
00000e40  __TI_CINIT_Limit        
20000000  __stack                 
20000200  __STACK_END             
20000200  __STACK_TOP             
20000200  _lock                   
20000204  _unlock                 
20000208  __TI_cleanup_ptr        
2000020c  __TI_dtors_ptr          
20000210  main_func_sp            
ffffffff  __binit__               
ffffffff  __c_args__              
ffffffff  binit                   
UNDEFED   SHT$$INIT_ARRAY$$Base   
UNDEFED   SHT$$INIT_ARRAY$$Limit  

[89 symbols]
