******************************************************************************
                  TI ARM Linker PC v5.2.2                      
******************************************************************************
>> Linked Wed Aug 19 18:46:29 2015

OUTPUT FILE NAME:   <02 - Blink + Sw.out>
ENTRY POINT SYMBOL: "_c_int00"  address: 00000981


MEMORY CONFIGURATION

         name            origin    length      used     unused   attr    fill
----------------------  --------  ---------  --------  --------  ----  --------
  FLASH                 00000000   00040000  00000efc  0003f104  R  X
  SRAM                  20000000   00008000  00000488  00007b78  RW X


SEGMENT ALLOCATION MAP

run origin  load origin   length   init length attrs members
----------  ----------- ---------- ----------- ----- -------
00000000    00000000    00000f00   00000f00    r-x
  00000000    00000000    0000026c   0000026c    r-- .intvecs
  0000026c    0000026c    000009ec   000009ec    r-x .text
  00000c58    00000c58    0000025c   0000025c    r-- .const
  00000eb8    00000eb8    00000048   00000048    r-- .cinit
20000000    20000000    00000488   00000000    rw-
  20000000    20000000    0000026c   00000000    rw- .vtable
  2000026c    2000026c    00000200   00000000    rw- .stack
  2000046c    2000046c    00000014   00000000    rw- .data
  20000480    20000480    00000008   00000000    rw- .bss


SECTION ALLOCATION MAP

 output                                  attributes/
section   page    origin      length       input sections
--------  ----  ----------  ----------   ----------------
.intvecs   0    00000000    0000026c     
                  00000000    0000026c     startup_ccs.obj (.intvecs)

.text      0    0000026c    000009ec     
                  0000026c    00000130     driverlib.lib : gpio.obj (.text:GPIOPadConfigSet)
                  0000039c    0000010c                   : sysctl.obj (.text:SysCtlClockGet)
                  000004a8    000000f0                   : sysctl.obj (.text:SysCtlClockSet)
                  00000598    000000dc     02-Blink+Sw.obj (.text:main)
                  00000674    0000009c     rtsv7M4_T_le_v4SPD16_eabi.lib : memcpy_t2.obj (.text)
                  00000710    0000007a                                   : memset_t2.obj (.text)
                  0000078a    00000002     startup_ccs.obj (.text:FaultISR)
                  0000078c    0000006c     rtsv7M4_T_le_v4SPD16_eabi.lib : autoinit.obj (.text)
                  000007f8    0000006a                                   : copy_decompress_rle.obj (.text)
                  00000862    00000002     startup_ccs.obj (.text:IntDefaultHandler)
                  00000864    00000068     driverlib.lib : interrupt.obj (.text:IntEnable)
                  000008cc    0000005c     02-Blink+Sw.obj (.text:IntSWHandler)
                  00000928    00000056     driverlib.lib : gpio.obj (.text:GPIOIntTypeSet)
                  0000097e    00000002     startup_ccs.obj (.text:NmiSR)
                  00000980    00000050     rtsv7M4_T_le_v4SPD16_eabi.lib : boot.obj (.text)
                  000009d0    0000004c                                   : cpy_tbl.obj (.text)
                  00000a1c    00000044                                   : exit.obj (.text)
                  00000a60    00000040     driverlib.lib : gpio.obj (.text:_GPIOIntNumberGet)
                  00000aa0    00000034                   : interrupt.obj (.text:IntRegister)
                  00000ad4    00000034                   : sysctl.obj (.text:SysCtlPeripheralEnable)
                  00000b08    0000002a                   : gpio.obj (.text:GPIODirModeSet)
                  00000b32    00000002     --HOLE-- [fill = 0]
                  00000b34    00000018     02-Blink+Sw.obj (.text:Clock_Init)
                  00000b4c    00000018     driverlib.lib : gpio.obj (.text:GPIOIntRegister)
                  00000b64    00000018                   : gpio.obj (.text:GPIOPinTypeGPIOOutput)
                  00000b7c    00000018     02-Blink+Sw.obj (.text:mDelay)
                  00000b94    00000018     rtsv7M4_T_le_v4SPD16_eabi.lib : args_main.obj (.text)
                  00000bac    00000014                                   : _lock.obj (.text)
                  00000bc0    00000012     driverlib.lib : gpio.obj (.text:GPIOPinTypeGPIOInput)
                  00000bd2    00000002     --HOLE-- [fill = 0]
                  00000bd4    00000010                   : fpu.obj (.text:FPUEnable)
                  00000be4    00000010                   : fpu.obj (.text:FPULazyStackingEnable)
                  00000bf4    0000000e                   : gpio.obj (.text:GPIOIntDisable)
                  00000c02    0000000e                   : gpio.obj (.text:GPIOIntStatus)
                  00000c10    0000000e     rtsv7M4_T_le_v4SPD16_eabi.lib : copy_decompress_none.obj (.text:decompress:none)
                  00000c1e    0000000c     driverlib.lib : gpio.obj (.text:GPIOIntEnable)
                  00000c2a    0000000c     rtsv7M4_T_le_v4SPD16_eabi.lib : copy_zero_init.obj (.text:decompress:ZI)
                  00000c36    00000006     driverlib.lib : gpio.obj (.text:GPIOIntClear)
                  00000c3c    00000006                   : gpio.obj (.text:GPIOPinWrite)
                  00000c42    00000006     startup_ccs.obj (.text:ResetISR)
                  00000c48    00000006     driverlib.lib : sysctl.obj (.text:SysCtlDelay)
                  00000c4e    00000006     rtsv7M4_T_le_v4SPD16_eabi.lib : copy_decompress_rle.obj (.text:decompress:rle24)
                  00000c54    00000004                                   : pre_init.obj (.text)

.const     0    00000c58    0000025c     
                  00000c58    000000c0     driverlib.lib : gpio.obj (.const:g_ppui32GPIOIntMapBlizzard)
                  00000d18    000000c0                   : gpio.obj (.const:g_ppui32GPIOIntMapSnowflake)
                  00000dd8    00000070                   : interrupt.obj (.const)
                  00000e48    0000006c                   : sysctl.obj (.const:g_pui32Xtals)

.cinit     0    00000eb8    00000048     
                  00000eb8    0000000f     (.cinit..data.load) [load image, compression = rle]
                  00000ec7    00000001     --HOLE-- [fill = 0]
                  00000ec8    0000000c     (__TI_handler_table)
                  00000ed4    00000004     --HOLE-- [fill = 0]
                  00000ed8    00000008     (.cinit..bss.load) [load image, compression = zero_init]
                  00000ee0    00000008     (.cinit..vtable.load) [load image, compression = zero_init]
                  00000ee8    00000018     (__TI_cinit_table)

.init_array 
*          0    00000000    00000000     UNINITIALIZED

.vtable    0    20000000    0000026c     UNINITIALIZED
                  20000000    0000026c     driverlib.lib : interrupt.obj (.vtable)

.stack     0    2000026c    00000200     UNINITIALIZED
                  2000026c    00000200     --HOLE--

.data      0    2000046c    00000014     UNINITIALIZED
                  2000046c    00000008     rtsv7M4_T_le_v4SPD16_eabi.lib : _lock.obj (.data)
                  20000474    00000008                                   : exit.obj (.data)
                  2000047c    00000004                                   : stkdepth_vars.obj (.data)

.bss       0    20000480    00000008     UNINITIALIZED
                  20000480    00000004     (.common:Led)
                  20000484    00000004     (.common:Period)

.TI.persistent 
*          0    2000046c    00000000     UNINITIALIZED

.TI.noinit 
*          0    20000480    00000000     UNINITIALIZED


LINKER GENERATED COPY TABLES

__TI_cinit_table @ 00000ee8 records: 3, size/record: 8, table size: 24
	.data: load addr=00000eb8, load size=0000000f bytes, run addr=2000046c, run size=00000014 bytes, compression=rle
	.bss: load addr=00000ed8, load size=00000008 bytes, run addr=20000480, run size=00000008 bytes, compression=zero_init
	.vtable: load addr=00000ee0, load size=00000008 bytes, run addr=20000000, run size=0000026c bytes, compression=zero_init


LINKER GENERATED HANDLER TABLE

__TI_handler_table @ 00000ec8 records: 3, size/record: 4, table size: 12
	index: 0, handler: __TI_zero_init
	index: 1, handler: __TI_decompress_rle24
	index: 2, handler: __TI_decompress_none


GLOBAL SYMBOLS: SORTED ALPHABETICALLY BY Name 

address   name                    
-------   ----                    
00000a1d  C$$EXIT                 
00000b35  Clock_Init              
00000bd5  FPUEnable               
00000be5  FPULazyStackingEnable   
00000b09  GPIODirModeSet          
00000c37  GPIOIntClear            
00000bf5  GPIOIntDisable          
00000c1f  GPIOIntEnable           
00000b4d  GPIOIntRegister         
00000c03  GPIOIntStatus           
00000929  GPIOIntTypeSet          
0000026d  GPIOPadConfigSet        
00000bc1  GPIOPinTypeGPIOInput    
00000b65  GPIOPinTypeGPIOOutput   
00000c3d  GPIOPinWrite            
00000865  IntEnable               
00000aa1  IntRegister             
000008cd  IntSWHandler            
20000480  Led                     
20000484  Period                  
00000c43  ResetISR                
UNDEFED   SHT$$INIT_ARRAY$$Base   
UNDEFED   SHT$$INIT_ARRAY$$Limit  
0000039d  SysCtlClockGet          
000004a9  SysCtlClockSet          
00000c49  SysCtlDelay             
00000ad5  SysCtlPeripheralEnable  
2000046c  __STACK_END             
00000200  __STACK_SIZE            
2000046c  __STACK_TOP             
00000ee8  __TI_CINIT_Base         
00000f00  __TI_CINIT_Limit        
00000ec8  __TI_Handler_Table_Base 
00000ed4  __TI_Handler_Table_Limit
0000078d  __TI_auto_init          
20000474  __TI_cleanup_ptr        
00000c11  __TI_decompress_none    
00000c4f  __TI_decompress_rle24   
20000478  __TI_dtors_ptr          
00000000  __TI_static_base__      
00000c2b  __TI_zero_init          
00000711  __aeabi_memclr          
00000711  __aeabi_memclr4         
00000711  __aeabi_memclr8         
00000675  __aeabi_memcpy          
00000675  __aeabi_memcpy4         
00000675  __aeabi_memcpy8         
00000713  __aeabi_memset          
00000713  __aeabi_memset4         
00000713  __aeabi_memset8         
ffffffff  __binit__               
ffffffff  __c_args__              
2000026c  __stack                 
00000b95  _args_main              
00000981  _c_int00                
2000046c  _lock                   
00000bbb  _nop                    
00000bb3  _register_lock          
00000bad  _register_unlock        
00000c55  _system_pre_init        
20000470  _unlock                 
00000a21  abort                   
ffffffff  binit                   
000009d1  copy_in                 
00000a29  exit                    
20000000  g_pfnRAMVectors         
00000000  g_pfnVectors            
00000b7d  mDelay                  
00000599  main                    
2000047c  main_func_sp            
00000675  memcpy                  
00000719  memset                  


GLOBAL SYMBOLS: SORTED BY Symbol Address 

address   name                    
-------   ----                    
00000000  __TI_static_base__      
00000000  g_pfnVectors            
00000200  __STACK_SIZE            
0000026d  GPIOPadConfigSet        
0000039d  SysCtlClockGet          
000004a9  SysCtlClockSet          
00000599  main                    
00000675  __aeabi_memcpy          
00000675  __aeabi_memcpy4         
00000675  __aeabi_memcpy8         
00000675  memcpy                  
00000711  __aeabi_memclr          
00000711  __aeabi_memclr4         
00000711  __aeabi_memclr8         
00000713  __aeabi_memset          
00000713  __aeabi_memset4         
00000713  __aeabi_memset8         
00000719  memset                  
0000078d  __TI_auto_init          
00000865  IntEnable               
000008cd  IntSWHandler            
00000929  GPIOIntTypeSet          
00000981  _c_int00                
000009d1  copy_in                 
00000a1d  C$$EXIT                 
00000a21  abort                   
00000a29  exit                    
00000aa1  IntRegister             
00000ad5  SysCtlPeripheralEnable  
00000b09  GPIODirModeSet          
00000b35  Clock_Init              
00000b4d  GPIOIntRegister         
00000b65  GPIOPinTypeGPIOOutput   
00000b7d  mDelay                  
00000b95  _args_main              
00000bad  _register_unlock        
00000bb3  _register_lock          
00000bbb  _nop                    
00000bc1  GPIOPinTypeGPIOInput    
00000bd5  FPUEnable               
00000be5  FPULazyStackingEnable   
00000bf5  GPIOIntDisable          
00000c03  GPIOIntStatus           
00000c11  __TI_decompress_none    
00000c1f  GPIOIntEnable           
00000c2b  __TI_zero_init          
00000c37  GPIOIntClear            
00000c3d  GPIOPinWrite            
00000c43  ResetISR                
00000c49  SysCtlDelay             
00000c4f  __TI_decompress_rle24   
00000c55  _system_pre_init        
00000ec8  __TI_Handler_Table_Base 
00000ed4  __TI_Handler_Table_Limit
00000ee8  __TI_CINIT_Base         
00000f00  __TI_CINIT_Limit        
20000000  g_pfnRAMVectors         
2000026c  __stack                 
2000046c  __STACK_END             
2000046c  __STACK_TOP             
2000046c  _lock                   
20000470  _unlock                 
20000474  __TI_cleanup_ptr        
20000478  __TI_dtors_ptr          
2000047c  main_func_sp            
20000480  Led                     
20000484  Period                  
ffffffff  __binit__               
ffffffff  __c_args__              
ffffffff  binit                   
UNDEFED   SHT$$INIT_ARRAY$$Base   
UNDEFED   SHT$$INIT_ARRAY$$Limit  

[72 symbols]
