******************************************************************************
                  TI ARM Linker PC v5.2.2                      
******************************************************************************
>> Linked Fri Sep 04 19:59:42 2015

OUTPUT FILE NAME:   <04 - UART0 + Blink.out>
ENTRY POINT SYMBOL: "_c_int00"  address: 000009a5


MEMORY CONFIGURATION

         name            origin    length      used     unused   attr    fill
----------------------  --------  ---------  --------  --------  ----  --------
  FLASH                 00000000   00040000  00000d0c  0003f2f4  R  X
  SRAM                  20000000   00008000  00000214  00007dec  RW X


SEGMENT ALLOCATION MAP

run origin  load origin   length   init length attrs members
----------  ----------- ---------- ----------- ----- -------
00000000    00000000    00000d10   00000d10    r-x
  00000000    00000000    0000026c   0000026c    r-- .intvecs
  00000270    00000270    00000984   00000984    r-x .text
  00000bf4    00000bf4    000000fc   000000fc    r-- .const
  00000cf0    00000cf0    00000020   00000020    r-- .cinit
20000000    20000000    00000214   00000000    rw-
  20000000    20000000    00000200   00000000    rw- .stack
  20000200    20000200    00000014   00000000    rw- .data


SECTION ALLOCATION MAP

 output                                  attributes/
section   page    origin      length       input sections
--------  ----  ----------  ----------   ----------------
.intvecs   0    00000000    0000026c     
                  00000000    0000026c     tm4c123gh6pm_startup_ccs.obj (.intvecs)

.text      0    00000270    00000984     
                  00000270    00000218     main.obj (.text)
                  00000488    00000130     driverlib.lib : gpio.obj (.text:GPIOPadConfigSet)
                  000005b8    0000010c                   : sysctl.obj (.text:SysCtlClockGet)
                  000006c4    000000f0                   : sysctl.obj (.text:SysCtlClockSet)
                  000007b4    0000009c     rtsv7M4_T_le_v4SPD16_eabi.lib : memcpy_t2.obj (.text)
                  00000850    0000007a                                   : memset_t2.obj (.text)
                  000008ca    00000002     --HOLE-- [fill = 0]
                  000008cc    0000006c                                   : autoinit.obj (.text)
                  00000938    0000006a                                   : copy_decompress_rle.obj (.text)
                  000009a2    00000002     --HOLE-- [fill = 0]
                  000009a4    00000050                                   : boot.obj (.text)
                  000009f4    0000004c                                   : cpy_tbl.obj (.text)
                  00000a40    00000048     driverlib.lib : gpio.obj (.text:GPIOPinConfigure)
                  00000a88    00000044     rtsv7M4_T_le_v4SPD16_eabi.lib : exit.obj (.text)
                  00000acc    00000034     driverlib.lib : sysctl.obj (.text:SysCtlPeripheralEnable)
                  00000b00    0000002a                   : gpio.obj (.text:GPIODirModeSet)
                  00000b2a    00000006                   : gpio.obj (.text:GPIOIntClear)
                  00000b30    0000001a     tm4c123gh6pm_startup_ccs.obj (.text)
                  00000b4a    00000002     --HOLE-- [fill = 0]
                  00000b4c    00000018     rtsv7M4_T_le_v4SPD16_eabi.lib : args_main.obj (.text)
                  00000b64    00000014                                   : _lock.obj (.text)
                  00000b78    00000012     driverlib.lib : gpio.obj (.text:GPIOPinTypeUART)
                  00000b8a    00000002     --HOLE-- [fill = 0]
                  00000b8c    00000010                   : fpu.obj (.text:FPUEnable)
                  00000b9c    00000010                   : fpu.obj (.text:FPULazyStackingEnable)
                  00000bac    00000010                   : interrupt.obj (.text:IntMasterEnable)
                  00000bbc    0000000e                   : gpio.obj (.text:GPIOIntStatus)
                  00000bca    0000000e     rtsv7M4_T_le_v4SPD16_eabi.lib : copy_decompress_none.obj (.text:decompress:none)
                  00000bd8    0000000c     driverlib.lib : cpu.obj (.text:CPUcpsie)
                  00000be4    00000006                   : sysctl.obj (.text:SysCtlDelay)
                  00000bea    00000006     rtsv7M4_T_le_v4SPD16_eabi.lib : copy_decompress_rle.obj (.text:decompress:rle24)
                  00000bf0    00000004                                   : pre_init.obj (.text)

.const     0    00000bf4    000000fc     
                  00000bf4    00000090     driverlib.lib : gpio.obj (.const:g_pui32GPIOBaseAddrs)
                  00000c84    0000006c                   : sysctl.obj (.const:g_pui32Xtals)

.cinit     0    00000cf0    00000020     
                  00000cf0    0000000f     (.cinit..data.load) [load image, compression = rle]
                  00000cff    00000001     --HOLE-- [fill = 0]
                  00000d00    00000008     (__TI_handler_table)
                  00000d08    00000008     (__TI_cinit_table)

.init_array 
*          0    00000000    00000000     UNINITIALIZED

.stack     0    20000000    00000200     UNINITIALIZED
                  20000000    00000200     --HOLE--

.data      0    20000200    00000014     UNINITIALIZED
                  20000200    00000008     rtsv7M4_T_le_v4SPD16_eabi.lib : _lock.obj (.data)
                  20000208    00000008                                   : exit.obj (.data)
                  20000210    00000004                                   : stkdepth_vars.obj (.data)

.TI.persistent 
*          0    20000200    00000000     UNINITIALIZED


LINKER GENERATED COPY TABLES

__TI_cinit_table @ 00000d08 records: 1, size/record: 8, table size: 8
	.data: load addr=00000cf0, load size=0000000f bytes, run addr=20000200, run size=00000014 bytes, compression=rle


LINKER GENERATED HANDLER TABLE

__TI_handler_table @ 00000d00 records: 2, size/record: 4, table size: 8
	index: 0, handler: __TI_decompress_rle24
	index: 1, handler: __TI_decompress_none


GLOBAL SYMBOLS: SORTED ALPHABETICALLY BY Name 

address   name                    
-------   ----                    
00000a89  C$$EXIT                 
00000bd9  CPUcpsie                
00000271  Clock_Init              
00000b8d  FPUEnable               
00000b9d  FPULazyStackingEnable   
00000b01  GPIODirModeSet          
00000b2b  GPIOIntClear            
00000bbd  GPIOIntStatus           
00000489  GPIOPadConfigSet        
00000a41  GPIOPinConfigure        
00000b79  GPIOPinTypeUART         
00000bad  IntMasterEnable         
000003e9  IntSWHandler            
00000b31  ResetISR                
UNDEFED   SHT$$INIT_ARRAY$$Base   
UNDEFED   SHT$$INIT_ARRAY$$Limit  
000005b9  SysCtlClockGet          
000006c5  SysCtlClockSet          
00000be5  SysCtlDelay             
00000acd  SysCtlPeripheralEnable  
000003a9  UART0Handler            
000003b1  UART1Handler            
000003b9  UART2Handler            
000003c1  UART3Handler            
000003c9  UART4Handler            
000003d1  UART5Handler            
000003d9  UART6Handler            
000003e1  UART7Handler            
000002d1  UART_Enable             
000002a9  UART_Init               
20000200  __STACK_END             
00000200  __STACK_SIZE            
20000200  __STACK_TOP             
00000d08  __TI_CINIT_Base         
00000d10  __TI_CINIT_Limit        
00000d00  __TI_Handler_Table_Base 
00000d08  __TI_Handler_Table_Limit
000008cd  __TI_auto_init          
20000208  __TI_cleanup_ptr        
00000bcb  __TI_decompress_none    
00000beb  __TI_decompress_rle24   
2000020c  __TI_dtors_ptr          
00000000  __TI_static_base__      
00000851  __aeabi_memclr          
00000851  __aeabi_memclr4         
00000851  __aeabi_memclr8         
000007b5  __aeabi_memcpy          
000007b5  __aeabi_memcpy4         
000007b5  __aeabi_memcpy8         
00000853  __aeabi_memset          
00000853  __aeabi_memset4         
00000853  __aeabi_memset8         
ffffffff  __binit__               
ffffffff  __c_args__              
20000000  __stack                 
00000b4d  _args_main              
000009a5  _c_int00                
20000200  _lock                   
00000b73  _nop                    
00000b6b  _register_lock          
00000b65  _register_unlock        
00000bf1  _system_pre_init        
20000204  _unlock                 
00000a8d  abort                   
ffffffff  binit                   
000009f5  copy_in                 
00000a95  exit                    
00000000  g_pfnVectors            
00000289  mDelay                  
00000409  main                    
20000210  main_func_sp            
000007b5  memcpy                  
00000859  memset                  


GLOBAL SYMBOLS: SORTED BY Symbol Address 

address   name                    
-------   ----                    
00000000  __TI_static_base__      
00000000  g_pfnVectors            
00000200  __STACK_SIZE            
00000271  Clock_Init              
00000289  mDelay                  
000002a9  UART_Init               
000002d1  UART_Enable             
000003a9  UART0Handler            
000003b1  UART1Handler            
000003b9  UART2Handler            
000003c1  UART3Handler            
000003c9  UART4Handler            
000003d1  UART5Handler            
000003d9  UART6Handler            
000003e1  UART7Handler            
000003e9  IntSWHandler            
00000409  main                    
00000489  GPIOPadConfigSet        
000005b9  SysCtlClockGet          
000006c5  SysCtlClockSet          
000007b5  __aeabi_memcpy          
000007b5  __aeabi_memcpy4         
000007b5  __aeabi_memcpy8         
000007b5  memcpy                  
00000851  __aeabi_memclr          
00000851  __aeabi_memclr4         
00000851  __aeabi_memclr8         
00000853  __aeabi_memset          
00000853  __aeabi_memset4         
00000853  __aeabi_memset8         
00000859  memset                  
000008cd  __TI_auto_init          
000009a5  _c_int00                
000009f5  copy_in                 
00000a41  GPIOPinConfigure        
00000a89  C$$EXIT                 
00000a8d  abort                   
00000a95  exit                    
00000acd  SysCtlPeripheralEnable  
00000b01  GPIODirModeSet          
00000b2b  GPIOIntClear            
00000b31  ResetISR                
00000b4d  _args_main              
00000b65  _register_unlock        
00000b6b  _register_lock          
00000b73  _nop                    
00000b79  GPIOPinTypeUART         
00000b8d  FPUEnable               
00000b9d  FPULazyStackingEnable   
00000bad  IntMasterEnable         
00000bbd  GPIOIntStatus           
00000bcb  __TI_decompress_none    
00000bd9  CPUcpsie                
00000be5  SysCtlDelay             
00000beb  __TI_decompress_rle24   
00000bf1  _system_pre_init        
00000d00  __TI_Handler_Table_Base 
00000d08  __TI_CINIT_Base         
00000d08  __TI_Handler_Table_Limit
00000d10  __TI_CINIT_Limit        
20000000  __stack                 
20000200  __STACK_END             
20000200  __STACK_TOP             
20000200  _lock                   
20000204  _unlock                 
20000208  __TI_cleanup_ptr        
2000020c  __TI_dtors_ptr          
20000210  main_func_sp            
ffffffff  __binit__               
ffffffff  __c_args__              
ffffffff  binit                   
UNDEFED   SHT$$INIT_ARRAY$$Base   
UNDEFED   SHT$$INIT_ARRAY$$Limit  

[73 symbols]
