******************************************************************************
                  TI ARM Linker PC v5.2.2                      
******************************************************************************
>> Linked Mon Aug 03 18:35:13 2015

OUTPUT FILE NAME:   <01 - Blink.out>
ENTRY POINT SYMBOL: "_c_int00"  address: 0000060d


MEMORY CONFIGURATION

         name            origin    length      used     unused   attr    fill
----------------------  --------  ---------  --------  --------  ----  --------
  FLASH                 00000000   00040000  000007ec  0003f814  R  X
  SRAM                  20000000   00008000  00000214  00007dec  RW X


SEGMENT ALLOCATION MAP

run origin  load origin   length   init length attrs members
----------  ----------- ---------- ----------- ----- -------
00000000    00000000    000007f0   000007f0    r-x
  00000000    00000000    0000026c   0000026c    r-- .intvecs
  0000026c    0000026c    000004f4   000004f4    r-x .text
  00000760    00000760    0000006c   0000006c    r-- .const
  000007d0    000007d0    00000020   00000020    r-- .cinit
20000000    20000000    00000214   00000000    rw-
  20000000    20000000    00000200   00000000    rw- .stack
  20000200    20000200    00000014   00000000    rw- .data


SECTION ALLOCATION MAP

 output                                  attributes/
section   page    origin      length       input sections
--------  ----  ----------  ----------   ----------------
.intvecs   0    00000000    0000026c     
                  00000000    0000026c     startup_ccs.obj (.intvecs)

.text      0    0000026c    000004f4     
                  0000026c    0000010c     driverlib.lib : sysctl.obj (.text:SysCtlClockGet)
                  00000378    000000a4     01-Blink.obj (.text:main)
                  0000041c    0000009c     rtsv7M4_T_le_v4SPD16_eabi.lib : memcpy_t2.obj (.text)
                  000004b8    0000007a                                   : memset_t2.obj (.text)
                  00000532    00000002     startup_ccs.obj (.text:FaultISR)
                  00000534    0000006c     rtsv7M4_T_le_v4SPD16_eabi.lib : autoinit.obj (.text)
                  000005a0    0000006a                                   : copy_decompress_rle.obj (.text)
                  0000060a    00000002     startup_ccs.obj (.text:IntDefaultHandler)
                  0000060c    00000050     rtsv7M4_T_le_v4SPD16_eabi.lib : boot.obj (.text)
                  0000065c    0000004c                                   : cpy_tbl.obj (.text)
                  000006a8    00000044                                   : exit.obj (.text)
                  000006ec    0000001c     01-Blink.obj (.text:Clock_Init)
                  00000708    00000018     rtsv7M4_T_le_v4SPD16_eabi.lib : args_main.obj (.text)
                  00000720    00000014                                   : _lock.obj (.text)
                  00000734    0000000e                                   : copy_decompress_none.obj (.text:decompress:none)
                  00000742    00000006     driverlib.lib : gpio.obj (.text:GPIOPinWrite)
                  00000748    00000006     startup_ccs.obj (.text:ResetISR)
                  0000074e    00000006     driverlib.lib : sysctl.obj (.text:SysCtlDelay)
                  00000754    00000006     rtsv7M4_T_le_v4SPD16_eabi.lib : copy_decompress_rle.obj (.text:decompress:rle24)
                  0000075a    00000004                                   : pre_init.obj (.text)
                  0000075e    00000002     startup_ccs.obj (.text:NmiSR)

.const     0    00000760    0000006c     
                  00000760    0000006c     driverlib.lib : sysctl.obj (.const:g_pui32Xtals)

.cinit     0    000007d0    00000020     
                  000007d0    0000000f     (.cinit..data.load) [load image, compression = rle]
                  000007df    00000001     --HOLE-- [fill = 0]
                  000007e0    00000008     (__TI_handler_table)
                  000007e8    00000008     (__TI_cinit_table)

.init_array 
*          0    00000000    00000000     UNINITIALIZED

.stack     0    20000000    00000200     UNINITIALIZED
                  20000000    00000200     --HOLE--

.data      0    20000200    00000014     UNINITIALIZED
                  20000200    00000008     rtsv7M4_T_le_v4SPD16_eabi.lib : _lock.obj (.data)
                  20000208    00000008                                   : exit.obj (.data)
                  20000210    00000004                                   : stkdepth_vars.obj (.data)

.TI.persistent 
*          0    20000200    00000000     UNINITIALIZED


LINKER GENERATED COPY TABLES

__TI_cinit_table @ 000007e8 records: 1, size/record: 8, table size: 8
	.data: load addr=000007d0, load size=0000000f bytes, run addr=20000200, run size=00000014 bytes, compression=rle


LINKER GENERATED HANDLER TABLE

__TI_handler_table @ 000007e0 records: 2, size/record: 4, table size: 8
	index: 0, handler: __TI_decompress_rle24
	index: 1, handler: __TI_decompress_none


GLOBAL SYMBOLS: SORTED ALPHABETICALLY BY Name 

address   name                    
-------   ----                    
000006a9  C$$EXIT                 
000006ed  Clock_Init              
00000743  GPIOPinWrite            
00000749  ResetISR                
UNDEFED   SHT$$INIT_ARRAY$$Base   
UNDEFED   SHT$$INIT_ARRAY$$Limit  
0000026d  SysCtlClockGet          
0000074f  SysCtlDelay             
20000200  __STACK_END             
00000200  __STACK_SIZE            
20000200  __STACK_TOP             
000007e8  __TI_CINIT_Base         
000007f0  __TI_CINIT_Limit        
000007e0  __TI_Handler_Table_Base 
000007e8  __TI_Handler_Table_Limit
00000535  __TI_auto_init          
20000208  __TI_cleanup_ptr        
00000735  __TI_decompress_none    
00000755  __TI_decompress_rle24   
2000020c  __TI_dtors_ptr          
00000000  __TI_static_base__      
000004b9  __aeabi_memclr          
000004b9  __aeabi_memclr4         
000004b9  __aeabi_memclr8         
0000041d  __aeabi_memcpy          
0000041d  __aeabi_memcpy4         
0000041d  __aeabi_memcpy8         
000004bb  __aeabi_memset          
000004bb  __aeabi_memset4         
000004bb  __aeabi_memset8         
ffffffff  __binit__               
ffffffff  __c_args__              
20000000  __stack                 
00000709  _args_main              
0000060d  _c_int00                
20000200  _lock                   
0000072f  _nop                    
00000727  _register_lock          
00000721  _register_unlock        
0000075b  _system_pre_init        
20000204  _unlock                 
000006ad  abort                   
ffffffff  binit                   
0000065d  copy_in                 
000006b5  exit                    
00000000  g_pfnVectors            
00000379  main                    
20000210  main_func_sp            
0000041d  memcpy                  
000004c1  memset                  


GLOBAL SYMBOLS: SORTED BY Symbol Address 

address   name                    
-------   ----                    
00000000  __TI_static_base__      
00000000  g_pfnVectors            
00000200  __STACK_SIZE            
0000026d  SysCtlClockGet          
00000379  main                    
0000041d  __aeabi_memcpy          
0000041d  __aeabi_memcpy4         
0000041d  __aeabi_memcpy8         
0000041d  memcpy                  
000004b9  __aeabi_memclr          
000004b9  __aeabi_memclr4         
000004b9  __aeabi_memclr8         
000004bb  __aeabi_memset          
000004bb  __aeabi_memset4         
000004bb  __aeabi_memset8         
000004c1  memset                  
00000535  __TI_auto_init          
0000060d  _c_int00                
0000065d  copy_in                 
000006a9  C$$EXIT                 
000006ad  abort                   
000006b5  exit                    
000006ed  Clock_Init              
00000709  _args_main              
00000721  _register_unlock        
00000727  _register_lock          
0000072f  _nop                    
00000735  __TI_decompress_none    
00000743  GPIOPinWrite            
00000749  ResetISR                
0000074f  SysCtlDelay             
00000755  __TI_decompress_rle24   
0000075b  _system_pre_init        
000007e0  __TI_Handler_Table_Base 
000007e8  __TI_CINIT_Base         
000007e8  __TI_Handler_Table_Limit
000007f0  __TI_CINIT_Limit        
20000000  __stack                 
20000200  __STACK_END             
20000200  __STACK_TOP             
20000200  _lock                   
20000204  _unlock                 
20000208  __TI_cleanup_ptr        
2000020c  __TI_dtors_ptr          
20000210  main_func_sp            
ffffffff  __binit__               
ffffffff  __c_args__              
ffffffff  binit                   
UNDEFED   SHT$$INIT_ARRAY$$Base   
UNDEFED   SHT$$INIT_ARRAY$$Limit  

[50 symbols]
