******************************************************************************
                  TI ARM Linker PC v5.2.2                      
******************************************************************************
>> Linked Fri Sep 04 19:59:40 2015

OUTPUT FILE NAME:   <04 - UART0 + Blink.out>
ENTRY POINT SYMBOL: "_c_int00"  address: 00000941


MEMORY CONFIGURATION

         name            origin    length      used     unused   attr    fill
----------------------  --------  ---------  --------  --------  ----  --------
  FLASH                 00000000   00040000  00000c9e  0003f362  R  X
  SRAM                  20000000   00008000  00000214  00007dec  RW X


SEGMENT ALLOCATION MAP

run origin  load origin   length   init length attrs members
----------  ----------- ---------- ----------- ----- -------
00000000    00000000    00000ca0   00000ca0    r-x
  00000000    00000000    0000026c   0000026c    r-- .intvecs
  0000026c    0000026c    00000916   00000916    r-x .text
  00000b84    00000b84    000000fc   000000fc    r-- .const
  00000c80    00000c80    00000020   00000020    r-- .cinit
20000000    20000000    00000214   00000000    rw-
  20000000    20000000    00000200   00000000    rw- .stack
  20000200    20000200    00000014   00000000    rw- .data


SECTION ALLOCATION MAP

 output                                  attributes/
section   page    origin      length       input sections
--------  ----  ----------  ----------   ----------------
.intvecs   0    00000000    0000026c     
                  00000000    0000026c     tm4c123gh6pm_startup_ccs.obj (.intvecs)

.text      0    0000026c    00000916     
                  0000026c    000001b8     main.obj (.text)
                  00000424    00000130     driverlib.lib : gpio.obj (.text:GPIOPadConfigSet)
                  00000554    0000010c                   : sysctl.obj (.text:SysCtlClockGet)
                  00000660    000000f0                   : sysctl.obj (.text:SysCtlClockSet)
                  00000750    0000009c     rtsv7M4_T_le_v4SPD16_eabi.lib : memcpy_t2.obj (.text)
                  000007ec    0000007a                                   : memset_t2.obj (.text)
                  00000866    00000002     --HOLE-- [fill = 0]
                  00000868    0000006c                                   : autoinit.obj (.text)
                  000008d4    0000006a                                   : copy_decompress_rle.obj (.text)
                  0000093e    00000002     --HOLE-- [fill = 0]
                  00000940    00000050                                   : boot.obj (.text)
                  00000990    0000004c                                   : cpy_tbl.obj (.text)
                  000009dc    00000048     driverlib.lib : gpio.obj (.text:GPIOPinConfigure)
                  00000a24    00000044     rtsv7M4_T_le_v4SPD16_eabi.lib : exit.obj (.text)
                  00000a68    00000034     driverlib.lib : sysctl.obj (.text:SysCtlPeripheralEnable)
                  00000a9c    0000002a                   : gpio.obj (.text:GPIODirModeSet)
                  00000ac6    00000002     --HOLE-- [fill = 0]
                  00000ac8    00000018     rtsv7M4_T_le_v4SPD16_eabi.lib : args_main.obj (.text)
                  00000ae0    00000014                                   : _lock.obj (.text)
                  00000af4    00000012     driverlib.lib : gpio.obj (.text:GPIOPinTypeUART)
                  00000b06    00000002     --HOLE-- [fill = 0]
                  00000b08    00000010                   : fpu.obj (.text:FPUEnable)
                  00000b18    00000010                   : fpu.obj (.text:FPULazyStackingEnable)
                  00000b28    00000010                   : interrupt.obj (.text:IntMasterEnable)
                  00000b38    0000000e                   : gpio.obj (.text:GPIOIntStatus)
                  00000b46    0000000e     rtsv7M4_T_le_v4SPD16_eabi.lib : copy_decompress_none.obj (.text:decompress:none)
                  00000b54    0000000c     driverlib.lib : cpu.obj (.text:CPUcpsie)
                  00000b60    0000000c     tm4c123gh6pm_startup_ccs.obj (.text)
                  00000b6c    00000006     driverlib.lib : gpio.obj (.text:GPIOIntClear)
                  00000b72    00000006                   : sysctl.obj (.text:SysCtlDelay)
                  00000b78    00000006     rtsv7M4_T_le_v4SPD16_eabi.lib : copy_decompress_rle.obj (.text:decompress:rle24)
                  00000b7e    00000004                                   : pre_init.obj (.text)

.const     0    00000b84    000000fc     
                  00000b84    00000090     driverlib.lib : gpio.obj (.const:g_pui32GPIOBaseAddrs)
                  00000c14    0000006c                   : sysctl.obj (.const:g_pui32Xtals)

.cinit     0    00000c80    00000020     
                  00000c80    0000000f     (.cinit..data.load) [load image, compression = rle]
                  00000c8f    00000001     --HOLE-- [fill = 0]
                  00000c90    00000008     (__TI_handler_table)
                  00000c98    00000008     (__TI_cinit_table)

.init_array 
*          0    00000000    00000000     UNINITIALIZED

.stack     0    20000000    00000200     UNINITIALIZED
                  20000000    00000200     --HOLE--

.data      0    20000200    00000014     UNINITIALIZED
                  20000200    00000008     rtsv7M4_T_le_v4SPD16_eabi.lib : _lock.obj (.data)
                  20000208    00000008                                   : exit.obj (.data)
                  20000210    00000004                                   : stkdepth_vars.obj (.data)

.TI.persistent 
*          0    20000200    00000000     UNINITIALIZED


LINKER GENERATED COPY TABLES

__TI_cinit_table @ 00000c98 records: 1, size/record: 8, table size: 8
	.data: load addr=00000c80, load size=0000000f bytes, run addr=20000200, run size=00000014 bytes, compression=rle


LINKER GENERATED HANDLER TABLE

__TI_handler_table @ 00000c90 records: 2, size/record: 4, table size: 8
	index: 0, handler: __TI_decompress_rle24
	index: 1, handler: __TI_decompress_none


GLOBAL SYMBOLS: SORTED ALPHABETICALLY BY Name 

address   name                    
-------   ----                    
00000a25  C$$EXIT                 
00000b55  CPUcpsie                
0000026d  Clock_Init              
00000b09  FPUEnable               
00000b19  FPULazyStackingEnable   
00000a9d  GPIODirModeSet          
00000b6d  GPIOIntClear            
00000b39  GPIOIntStatus           
00000425  GPIOPadConfigSet        
000009dd  GPIOPinConfigure        
00000af5  GPIOPinTypeUART         
00000b29  IntMasterEnable         
0000038b  IntSWHandler            
00000b61  ResetISR                
UNDEFED   SHT$$INIT_ARRAY$$Base   
UNDEFED   SHT$$INIT_ARRAY$$Limit  
00000555  SysCtlClockGet          
00000661  SysCtlClockSet          
00000b73  SysCtlDelay             
00000a69  SysCtlPeripheralEnable  
0000037b  UART0Handler            
0000037d  UART1Handler            
0000037f  UART2Handler            
00000381  UART3Handler            
00000383  UART4Handler            
00000385  UART5Handler            
00000387  UART6Handler            
00000389  UART7Handler            
000002bb  UART_Enable             
00000299  UART_Init               
20000200  __STACK_END             
00000200  __STACK_SIZE            
20000200  __STACK_TOP             
00000c98  __TI_CINIT_Base         
00000ca0  __TI_CINIT_Limit        
00000c90  __TI_Handler_Table_Base 
00000c98  __TI_Handler_Table_Limit
00000869  __TI_auto_init          
20000208  __TI_cleanup_ptr        
00000b47  __TI_decompress_none    
00000b79  __TI_decompress_rle24   
2000020c  __TI_dtors_ptr          
00000000  __TI_static_base__      
000007ed  __aeabi_memclr          
000007ed  __aeabi_memclr4         
000007ed  __aeabi_memclr8         
00000751  __aeabi_memcpy          
00000751  __aeabi_memcpy4         
00000751  __aeabi_memcpy8         
000007ef  __aeabi_memset          
000007ef  __aeabi_memset4         
000007ef  __aeabi_memset8         
ffffffff  __binit__               
ffffffff  __c_args__              
20000000  __stack                 
00000ac9  _args_main              
00000941  _c_int00                
20000200  _lock                   
00000aef  _nop                    
00000ae7  _register_lock          
00000ae1  _register_unlock        
00000b7f  _system_pre_init        
20000204  _unlock                 
00000a29  abort                   
ffffffff  binit                   
00000991  copy_in                 
00000a31  exit                    
00000000  g_pfnVectors            
0000027f  mDelay                  
000003ab  main                    
20000210  main_func_sp            
00000751  memcpy                  
000007f5  memset                  


GLOBAL SYMBOLS: SORTED BY Symbol Address 

address   name                    
-------   ----                    
00000000  __TI_static_base__      
00000000  g_pfnVectors            
00000200  __STACK_SIZE            
0000026d  Clock_Init              
0000027f  mDelay                  
00000299  UART_Init               
000002bb  UART_Enable             
0000037b  UART0Handler            
0000037d  UART1Handler            
0000037f  UART2Handler            
00000381  UART3Handler            
00000383  UART4Handler            
00000385  UART5Handler            
00000387  UART6Handler            
00000389  UART7Handler            
0000038b  IntSWHandler            
000003ab  main                    
00000425  GPIOPadConfigSet        
00000555  SysCtlClockGet          
00000661  SysCtlClockSet          
00000751  __aeabi_memcpy          
00000751  __aeabi_memcpy4         
00000751  __aeabi_memcpy8         
00000751  memcpy                  
000007ed  __aeabi_memclr          
000007ed  __aeabi_memclr4         
000007ed  __aeabi_memclr8         
000007ef  __aeabi_memset          
000007ef  __aeabi_memset4         
000007ef  __aeabi_memset8         
000007f5  memset                  
00000869  __TI_auto_init          
00000941  _c_int00                
00000991  copy_in                 
000009dd  GPIOPinConfigure        
00000a25  C$$EXIT                 
00000a29  abort                   
00000a31  exit                    
00000a69  SysCtlPeripheralEnable  
00000a9d  GPIODirModeSet          
00000ac9  _args_main              
00000ae1  _register_unlock        
00000ae7  _register_lock          
00000aef  _nop                    
00000af5  GPIOPinTypeUART         
00000b09  FPUEnable               
00000b19  FPULazyStackingEnable   
00000b29  IntMasterEnable         
00000b39  GPIOIntStatus           
00000b47  __TI_decompress_none    
00000b55  CPUcpsie                
00000b61  ResetISR                
00000b6d  GPIOIntClear            
00000b73  SysCtlDelay             
00000b79  __TI_decompress_rle24   
00000b7f  _system_pre_init        
00000c90  __TI_Handler_Table_Base 
00000c98  __TI_CINIT_Base         
00000c98  __TI_Handler_Table_Limit
00000ca0  __TI_CINIT_Limit        
20000000  __stack                 
20000200  __STACK_END             
20000200  __STACK_TOP             
20000200  _lock                   
20000204  _unlock                 
20000208  __TI_cleanup_ptr        
2000020c  __TI_dtors_ptr          
20000210  main_func_sp            
ffffffff  __binit__               
ffffffff  __c_args__              
ffffffff  binit                   
UNDEFED   SHT$$INIT_ARRAY$$Base   
UNDEFED   SHT$$INIT_ARRAY$$Limit  

[73 symbols]
